Archive member included because of file (symbol)

c:/winavr-20070525/bin/../lib/gcc/avr/4.1.2/avr5\libgcc.a(_udivmodhi4.o)
                              menu.o (__udivmodhi4)
c:/winavr-20070525/bin/../lib/gcc/avr/4.1.2/avr5\libgcc.a(_exit.o)
                              c:/winavr-20070525/bin/../lib/gcc/avr/4.1.2/../../../../avr/lib/avr5/crtm32.o (exit)
c:/winavr-20070525/bin/../lib/gcc/avr/4.1.2/avr5\libgcc.a(_copy_data.o)
                              enc28j60.o (__do_copy_data)
c:/winavr-20070525/bin/../lib/gcc/avr/4.1.2/avr5\libgcc.a(_clear_bss.o)
                              enc28j60.o (__do_clear_bss)
c:/winavr-20070525/bin/../lib/gcc/avr/4.1.2/../../../../avr/lib/avr5\libc.a(ee_rb.1C1D1E.o)
                              menu.o (__eeprom_read_byte_1C1D1E)
c:/winavr-20070525/bin/../lib/gcc/avr/4.1.2/../../../../avr/lib/avr5\libc.a(ee_rblk.1C1D1E.o)
                              main.o (__eeprom_read_block_1C1D1E)
c:/winavr-20070525/bin/../lib/gcc/avr/4.1.2/../../../../avr/lib/avr5\libc.a(ee_wblk.1C1D1E.o)
                              http.o (__eeprom_write_block_1C1D1E)
c:/winavr-20070525/bin/../lib/gcc/avr/4.1.2/../../../../avr/lib/avr5\libc.a(ee_wb.1C1D1E.o)
                              c:/winavr-20070525/bin/../lib/gcc/avr/4.1.2/../../../../avr/lib/avr5\libc.a(ee_wblk.1C1D1E.o) (__eeprom_write_byte_1C1D1E)

Allocating common symbols
Common symbol       size              file

count_time          0x4               menu.o
avr_mac             0x6               main.o
standby_cursor      0x1               menu.o
menu_index          0x1               menu.o
server_ip           0x4               main.o
flag2               0x1               enc28j60.o
submenu_index       0x1               menu.o
sec_count           0x1               menu.o
flag1               0x1               enc28j60.o
submenu_stack       0x1               menu.o
avr_ip              0x4               main.o
server_mac          0x6               main.o
setting_cursor      0x1               menu.o
menu_stack          0x1               menu.o

Discarded input sections

 .stabstr       0x00000000        0x0 c:/winavr-20070525/bin/../lib/gcc/avr/4.1.2/../../../../avr/lib/avr5/crtm32.o

Memory Configuration

Name             Origin             Length             Attributes
text             0x00000000         0x00020000         xr
data             0x00800060         0x0000ffa0         rw !x
eeprom           0x00810000         0x00010000         rw !x
*default*        0x00000000         0xffffffff

Linker script and memory map

LOAD c:/winavr-20070525/bin/../lib/gcc/avr/4.1.2/../../../../avr/lib/avr5/crtm32.o
LOAD enc28j60.o
LOAD main.o
LOAD http.o
LOAD arp.o
LOAD tcp.o
LOAD ip.o
LOAD ethernet.o
LOAD icmp.o
LOAD menu.o
LOAD lcd.o
LOAD adc.o
LOAD udp.o
LOAD c:/winavr-20070525/bin/../lib/gcc/avr/4.1.2/avr5\libgcc.a
LOAD c:/winavr-20070525/bin/../lib/gcc/avr/4.1.2/../../../../avr/lib/avr5\libc.a
LOAD c:/winavr-20070525/bin/../lib/gcc/avr/4.1.2/avr5\libgcc.a

.hash
 *(.hash)

.dynsym
 *(.dynsym)

.dynstr
 *(.dynstr)

.gnu.version
 *(.gnu.version)

.gnu.version_d
 *(.gnu.version_d)

.gnu.version_r
 *(.gnu.version_r)

.rel.init
 *(.rel.init)

.rela.init
 *(.rela.init)

.rel.text
 *(.rel.text)
 *(.rel.text.*)
 *(.rel.gnu.linkonce.t*)

.rela.text
 *(.rela.text)
 *(.rela.text.*)
 *(.rela.gnu.linkonce.t*)

.rel.fini
 *(.rel.fini)

.rela.fini
 *(.rela.fini)

.rel.rodata
 *(.rel.rodata)
 *(.rel.rodata.*)
 *(.rel.gnu.linkonce.r*)

.rela.rodata
 *(.rela.rodata)
 *(.rela.rodata.*)
 *(.rela.gnu.linkonce.r*)

.rel.data
 *(.rel.data)
 *(.rel.data.*)
 *(.rel.gnu.linkonce.d*)

.rela.data
 *(.rela.data)
 *(.rela.data.*)
 *(.rela.gnu.linkonce.d*)

.rel.ctors
 *(.rel.ctors)

.rela.ctors
 *(.rela.ctors)

.rel.dtors
 *(.rel.dtors)

.rela.dtors
 *(.rela.dtors)

.rel.got
 *(.rel.got)

.rela.got
 *(.rela.got)

.rel.bss
 *(.rel.bss)

.rela.bss
 *(.rela.bss)

.rel.plt
 *(.rel.plt)

.rela.plt
 *(.rela.plt)

.text           0x00000000     0x2daa
 *(.vectors)
 .vectors       0x00000000       0x54 c:/winavr-20070525/bin/../lib/gcc/avr/4.1.2/../../../../avr/lib/avr5/crtm32.o
                0x00000000                __vectors
                0x00000000                __vector_default
 *(.vectors)
 *(.progmem.gcc*)
 *(.progmem*)
 .progmem.data  0x00000054        0xc main.o
                0x00000054                version
 .progmem.data  0x00000060      0x5c7 http.o
                0x0000007d                tag_br
                0x00000060                web_title
                0x000000a1                tag_form
                0x00000082                tag_hr
 .progmem.data  0x00000627       0x2a menu.o
                0x0000062a                count_time_max
                0x00000635                str_disable
                0x0000062e                str_enable
                0x00000627                setting_cursor_max
 .progmem.data  0x00000651       0xc8 adc.o
                0x00000651                temp_list
 .progmem.data  0x00000719       0x3d udp.o
                0x00000756                . = ALIGN (0x2)
                0x00000756                __trampolines_start = .
 *(.trampolines)
 .trampolines   0x00000756        0x0 linker stubs
 *(.trampolines*)
                0x00000756                __trampolines_end = .
 *(.jumptables)
 *(.jumptables*)
 *(.lowtext)
 *(.lowtext*)
                0x00000756                __ctors_start = .
 *(.ctors)
                0x00000756                __ctors_end = .
                0x00000756                __dtors_start = .
 *(.dtors)
                0x00000756                __dtors_end = .
 SORT(*)(.ctors)
 SORT(*)(.dtors)
 *(.init0)
 .init0         0x00000756        0x0 c:/winavr-20070525/bin/../lib/gcc/avr/4.1.2/../../../../avr/lib/avr5/crtm32.o
                0x00000756                __init
 *(.init0)
 *(.init1)
 *(.init1)
 *(.init2)
 .init2         0x00000756        0xc c:/winavr-20070525/bin/../lib/gcc/avr/4.1.2/../../../../avr/lib/avr5/crtm32.o
 *(.init2)
 *(.init3)
 *(.init3)
 *(.init4)
 .init4         0x00000762       0x16 c:/winavr-20070525/bin/../lib/gcc/avr/4.1.2/avr5\libgcc.a(_copy_data.o)
                0x00000762                __do_copy_data
 .init4         0x00000778       0x10 c:/winavr-20070525/bin/../lib/gcc/avr/4.1.2/avr5\libgcc.a(_clear_bss.o)
                0x00000778                __do_clear_bss
 *(.init4)
 *(.init5)
 *(.init5)
 *(.init6)
 *(.init6)
 *(.init7)
 *(.init7)
 *(.init8)
 *(.init8)
 *(.init9)
 .init9         0x00000788        0x8 c:/winavr-20070525/bin/../lib/gcc/avr/4.1.2/../../../../avr/lib/avr5/crtm32.o
 *(.init9)
 *(.text)
 .text          0x00000790        0x4 c:/winavr-20070525/bin/../lib/gcc/avr/4.1.2/../../../../avr/lib/avr5/crtm32.o
                0x00000790                __vector_1
                0x00000790                __vector_12
                0x00000790                __bad_interrupt
                0x00000790                __vector_6
                0x00000790                __vector_3
                0x00000790                __vector_11
                0x00000790                __vector_13
                0x00000790                __vector_17
                0x00000790                __vector_19
                0x00000790                __vector_7
                0x00000790                __vector_5
                0x00000790                __vector_4
                0x00000790                __vector_9
                0x00000790                __vector_2
                0x00000790                __vector_15
                0x00000790                __vector_8
                0x00000790                __vector_14
                0x00000790                __vector_10
                0x00000790                __vector_16
                0x00000790                __vector_18
                0x00000790                __vector_20
 .text          0x00000794      0x440 enc28j60.o
                0x000007d0                enc28j60SetBank
                0x00000a48                enc28j60_init
                0x000007ba                enc28j60WriteOp
                0x00000818                enc28j60Read
                0x0000088c                enc28j60PhyWrite
                0x0000095a                enc28j60_packet_receive
                0x000008c2                enc28j60getrev
                0x0000084a                enc28j60_read_phyreg
                0x000008cc                enc28j60_packet_send
                0x00000794                enc28j60ReadOp
                0x0000082e                enc28j60Write
 .text          0x00000bd4      0x390 main.o
                0x00000be8                client_process
                0x00000eb4                main
                0x00000bd4                software_reset
                0x00000dca                server_process
 .text          0x00000f64      0x8e4 http.o
                0x00001108                http_home
                0x00000f64                http_get_ip
                0x00001052                http_put_request
                0x00001408                http_get_variable
                0x00000fae                hex2int
                0x000014d6                http_webserver_process
                0x00000fe0                urldecode
 .text          0x00001848      0x1d0 arp.o
                0x000018e6                arp_send_reply
                0x000019b2                arp_who_is
                0x00001926                arp_send_request
                0x00001848                arp_generate_packet
                0x000018a6                arp_packet_is_arp
 .text          0x00001a18      0x1c4 tcp.o
                0x00001a7e                tcp_puts_data
                0x00001a5e                tcp_puts_data_p
                0x00001a4e                tcp_get_hlength
                0x00001a9c                tcp_send_packet
                0x00001a18                tcp_get_dlength
 .text          0x00001bdc       0xb8 ip.o
                0x00001bdc                ip_packet_is_ip
                0x00001c0e                ip_generate_header
 .text          0x00001c94       0xa4 ethernet.o
                0x00001c94                eth_generate_header
                0x00001ccc                software_checksum
 .text          0x00001d38      0x16a icmp.o
                0x00001e44                icmp_ping
                0x00001d76                icmp_send_reply
                0x00001d38                icmp_generate_packet
                0x00001dda                icmp_send_request
 .text          0x00001ea2      0x80c menu.o
                0x00002548                standby_display
                0x00001eb8                print_decimal
                0x00002318                menu_process
                0x00001ea2                my_strcpy
                0x0000220e                menu_init
                0x0000214e                key_up_process
                0x0000208c                key_dw_process
                0x000024ea                print_temp
                0x00001fa6                print_time
                0x000025fc                time_base
                0x00001f34                print_ip
                0x0000224a                display_menu
 .text          0x000026ae      0x132 lcd.o
                0x000026fc                lcd_gotoxy
                0x00002714                lcd_putc
                0x00002766                lcd_print_p
                0x000026ce                lcd_send_byte
                0x0000274c                lcd_print
                0x00002782                lcd_init
                0x000026ae                lcd_send_nibble
 .text          0x000027e0       0xa0 adc.o
                0x0000280c                adc_read_temp
                0x000027e0                adc_read
                0x00002802                adc_init
 .text          0x00002880      0x4c4 udp.o
                0x00002880                udp_puts_data
                0x000028be                udp_generate_header
                0x0000289e                udp_puts_data_p
                0x000028fc                udp_receive
 .text          0x00002d44        0x0 c:/winavr-20070525/bin/../lib/gcc/avr/4.1.2/avr5\libgcc.a(_udivmodhi4.o)
 .text          0x00002d44        0x0 c:/winavr-20070525/bin/../lib/gcc/avr/4.1.2/avr5\libgcc.a(_exit.o)
 .text          0x00002d44        0x0 c:/winavr-20070525/bin/../lib/gcc/avr/4.1.2/avr5\libgcc.a(_copy_data.o)
 .text          0x00002d44        0x0 c:/winavr-20070525/bin/../lib/gcc/avr/4.1.2/avr5\libgcc.a(_clear_bss.o)
 .text          0x00002d44        0x0 c:/winavr-20070525/bin/../lib/gcc/avr/4.1.2/../../../../avr/lib/avr5\libc.a(ee_rb.1C1D1E.o)
 .text          0x00002d44        0x0 c:/winavr-20070525/bin/../lib/gcc/avr/4.1.2/../../../../avr/lib/avr5\libc.a(ee_rblk.1C1D1E.o)
 .text          0x00002d44        0x0 c:/winavr-20070525/bin/../lib/gcc/avr/4.1.2/../../../../avr/lib/avr5\libc.a(ee_wblk.1C1D1E.o)
 .text          0x00002d44        0x0 c:/winavr-20070525/bin/../lib/gcc/avr/4.1.2/../../../../avr/lib/avr5\libc.a(ee_wb.1C1D1E.o)
                0x00002d44                . = ALIGN (0x2)
 *(.text.*)
 .text.libgcc   0x00002d44       0x28 c:/winavr-20070525/bin/../lib/gcc/avr/4.1.2/avr5\libgcc.a(_udivmodhi4.o)
                0x00002d44                __udivmodhi4
 .text.libgcc   0x00002d6c        0x0 c:/winavr-20070525/bin/../lib/gcc/avr/4.1.2/avr5\libgcc.a(_exit.o)
 .text.libgcc   0x00002d6c        0x0 c:/winavr-20070525/bin/../lib/gcc/avr/4.1.2/avr5\libgcc.a(_copy_data.o)
 .text.libgcc   0x00002d6c        0x0 c:/winavr-20070525/bin/../lib/gcc/avr/4.1.2/avr5\libgcc.a(_clear_bss.o)
 .text.eeprom   0x00002d6c       0x10 c:/winavr-20070525/bin/../lib/gcc/avr/4.1.2/../../../../avr/lib/avr5\libc.a(ee_rb.1C1D1E.o)
                0x00002d6c                __eeprom_read_byte_1C1D1E
 .text.eeprom   0x00002d7c        0xa c:/winavr-20070525/bin/../lib/gcc/avr/4.1.2/../../../../avr/lib/avr5\libc.a(ee_rblk.1C1D1E.o)
                0x00002d7c                __eeprom_read_block_1C1D1E
 .text.eeprom   0x00002d86        0xa c:/winavr-20070525/bin/../lib/gcc/avr/4.1.2/../../../../avr/lib/avr5\libc.a(ee_wblk.1C1D1E.o)
                0x00002d86                __eeprom_write_block_1C1D1E
 .text.eeprom   0x00002d90       0x18 c:/winavr-20070525/bin/../lib/gcc/avr/4.1.2/../../../../avr/lib/avr5\libc.a(ee_wb.1C1D1E.o)
                0x00002d90                __eeprom_write_byte_1C1D1E
                0x00002da8                . = ALIGN (0x2)
 *(.fini9)
 .fini9         0x00002da8        0x0 c:/winavr-20070525/bin/../lib/gcc/avr/4.1.2/avr5\libgcc.a(_exit.o)
                0x00002da8                exit
                0x00002da8                _exit
 *(.fini9)
 *(.fini8)
 *(.fini8)
 *(.fini7)
 *(.fini7)
 *(.fini6)
 *(.fini6)
 *(.fini5)
 *(.fini5)
 *(.fini4)
 *(.fini4)
 *(.fini3)
 *(.fini3)
 *(.fini2)
 *(.fini2)
 *(.fini1)
 *(.fini1)
 *(.fini0)
 .fini0         0x00002da8        0x2 c:/winavr-20070525/bin/../lib/gcc/avr/4.1.2/avr5\libgcc.a(_exit.o)
 *(.fini0)
                0x00002daa                _etext = .

.data           0x00800060       0x8a load address 0x00002daa
                0x00800060                PROVIDE (__data_start, .)
 *(.data)
 .data          0x00800060        0x0 c:/winavr-20070525/bin/../lib/gcc/avr/4.1.2/../../../../avr/lib/avr5/crtm32.o
 .data          0x00800060        0x0 enc28j60.o
 .data          0x00800060        0x0 main.o
 .data          0x00800060        0x0 http.o
 .data          0x00800060        0x0 arp.o
 .data          0x00800060        0x1 tcp.o
 .data          0x00800061        0x2 ip.o
 .data          0x00800063        0x0 ethernet.o
 .data          0x00800063        0x2 icmp.o
                0x00800064                icmp_seq
                0x00800063                icmp_id
 .data          0x00800065       0x84 menu.o
                0x008000ab                menu_list
                0x008000df                standby_list
 .data          0x008000e9        0x0 lcd.o
 .data          0x008000e9        0x0 adc.o
 .data          0x008000e9        0x0 udp.o
 .data          0x008000e9        0x0 c:/winavr-20070525/bin/../lib/gcc/avr/4.1.2/avr5\libgcc.a(_udivmodhi4.o)
 .data          0x008000e9        0x0 c:/winavr-20070525/bin/../lib/gcc/avr/4.1.2/avr5\libgcc.a(_exit.o)
 .data          0x008000e9        0x0 c:/winavr-20070525/bin/../lib/gcc/avr/4.1.2/avr5\libgcc.a(_copy_data.o)
 .data          0x008000e9        0x0 c:/winavr-20070525/bin/../lib/gcc/avr/4.1.2/avr5\libgcc.a(_clear_bss.o)
 .data          0x008000e9        0x0 c:/winavr-20070525/bin/../lib/gcc/avr/4.1.2/../../../../avr/lib/avr5\libc.a(ee_rb.1C1D1E.o)
 .data          0x008000e9        0x0 c:/winavr-20070525/bin/../lib/gcc/avr/4.1.2/../../../../avr/lib/avr5\libc.a(ee_rblk.1C1D1E.o)
 .data          0x008000e9        0x0 c:/winavr-20070525/bin/../lib/gcc/avr/4.1.2/../../../../avr/lib/avr5\libc.a(ee_wblk.1C1D1E.o)
 .data          0x008000e9        0x0 c:/winavr-20070525/bin/../lib/gcc/avr/4.1.2/../../../../avr/lib/avr5\libc.a(ee_wb.1C1D1E.o)
 *(.data*)
 *(.rodata)
 *(.rodata*)
 *(.gnu.linkonce.d*)
                0x008000ea                . = ALIGN (0x2)
 *fill*         0x008000e9        0x1 00
                0x008000ea                _edata = .
                0x008000ea                PROVIDE (__data_end, .)

.bss            0x008000ea       0x38
                0x008000ea                PROVIDE (__bss_start, .)
 *(.bss)
 .bss           0x008000ea        0x0 c:/winavr-20070525/bin/../lib/gcc/avr/4.1.2/../../../../avr/lib/avr5/crtm32.o
 .bss           0x008000ea        0x3 enc28j60.o
 .bss           0x008000ed        0x0 main.o
 .bss           0x008000ed        0x0 http.o
 .bss           0x008000ed        0x0 arp.o
 .bss           0x008000ed        0x0 tcp.o
 .bss           0x008000ed        0x0 ip.o
 .bss           0x008000ed        0x0 ethernet.o
 .bss           0x008000ed        0x0 icmp.o
 .bss           0x008000ed        0x3 menu.o
 .bss           0x008000f0        0x0 lcd.o
 .bss           0x008000f0       0x11 adc.o
 .bss           0x00800101        0x0 udp.o
 .bss           0x00800101        0x0 c:/winavr-20070525/bin/../lib/gcc/avr/4.1.2/avr5\libgcc.a(_udivmodhi4.o)
 .bss           0x00800101        0x0 c:/winavr-20070525/bin/../lib/gcc/avr/4.1.2/avr5\libgcc.a(_exit.o)
 .bss           0x00800101        0x0 c:/winavr-20070525/bin/../lib/gcc/avr/4.1.2/avr5\libgcc.a(_copy_data.o)
 .bss           0x00800101        0x0 c:/winavr-20070525/bin/../lib/gcc/avr/4.1.2/avr5\libgcc.a(_clear_bss.o)
 .bss           0x00800101        0x0 c:/winavr-20070525/bin/../lib/gcc/avr/4.1.2/../../../../avr/lib/avr5\libc.a(ee_rb.1C1D1E.o)
 .bss           0x00800101        0x0 c:/winavr-20070525/bin/../lib/gcc/avr/4.1.2/../../../../avr/lib/avr5\libc.a(ee_rblk.1C1D1E.o)
 .bss           0x00800101        0x0 c:/winavr-20070525/bin/../lib/gcc/avr/4.1.2/../../../../avr/lib/avr5\libc.a(ee_wblk.1C1D1E.o)
 .bss           0x00800101        0x0 c:/winavr-20070525/bin/../lib/gcc/avr/4.1.2/../../../../avr/lib/avr5\libc.a(ee_wb.1C1D1E.o)
 *(.bss*)
 *(COMMON)
 COMMON         0x00800101        0x2 enc28j60.o
                0x00800101                flag2
                0x00800102                flag1
 COMMON         0x00800103       0x14 main.o
                0x00800103                avr_mac
                0x00800109                server_ip
                0x0080010d                avr_ip
                0x00800111                server_mac
 COMMON         0x00800117        0xb menu.o
                0x00800117                count_time
                0x0080011b                standby_cursor
                0x0080011c                menu_index
                0x0080011d                submenu_index
                0x0080011e                sec_count
                0x0080011f                submenu_stack
                0x00800120                setting_cursor
                0x00800121                menu_stack
                0x00800122                PROVIDE (__bss_end, .)
                0x00002daa                __data_load_start = LOADADDR (.data)
                0x00002e34                __data_load_end = (__data_load_start + SIZEOF (.data))

.noinit         0x00800122        0x0
                0x00800122                PROVIDE (__noinit_start, .)
 *(.noinit*)
                0x00800122                PROVIDE (__noinit_end, .)
                0x00800122                _end = .
                0x00800122                PROVIDE (__heap_start, .)

.eeprom         0x00810000        0xb
 *(.eeprom*)
 .eeprom        0x00810000        0x8 main.o
                0x00810000                ee_avr_ip
                0x00810004                ee_server_ip
 .eeprom        0x00810008        0x3 menu.o
                0x00810008                ee_count_time
                0x0081000b                __eeprom_end = .

.stab           0x00000000      0x378
 *(.stab)
 .stab          0x00000000      0x378 c:/winavr-20070525/bin/../lib/gcc/avr/4.1.2/../../../../avr/lib/avr5/crtm32.o

.stabstr        0x00000000       0x71
 *(.stabstr)
 .stabstr       0x00000000       0x71 c:/winavr-20070525/bin/../lib/gcc/avr/4.1.2/../../../../avr/lib/avr5/crtm32.o

.stab.excl
 *(.stab.excl)

.stab.exclstr
 *(.stab.exclstr)

.stab.index
 *(.stab.index)

.stab.indexstr
 *(.stab.indexstr)

.comment
 *(.comment)

.debug
 *(.debug)

.line
 *(.line)

.debug_srcinfo
 *(.debug_srcinfo)

.debug_sfnames
 *(.debug_sfnames)

.debug_aranges  0x00000000      0x180
 *(.debug_aranges)
 .debug_aranges
                0x00000000       0x20 enc28j60.o
 .debug_aranges
                0x00000020       0x20 main.o
 .debug_aranges
                0x00000040       0x20 http.o
 .debug_aranges
                0x00000060       0x20 arp.o
 .debug_aranges
                0x00000080       0x20 tcp.o
 .debug_aranges
                0x000000a0       0x20 ip.o
 .debug_aranges
                0x000000c0       0x20 ethernet.o
 .debug_aranges
                0x000000e0       0x20 icmp.o
 .debug_aranges
                0x00000100       0x20 menu.o
 .debug_aranges
                0x00000120       0x20 lcd.o
 .debug_aranges
                0x00000140       0x20 adc.o
 .debug_aranges
                0x00000160       0x20 udp.o

.debug_pubnames
                0x00000000      0x83f
 *(.debug_pubnames)
 .debug_pubnames
                0x00000000      0x10c enc28j60.o
 .debug_pubnames
                0x0000010c       0xc7 main.o
 .debug_pubnames
                0x000001d3       0xd5 http.o
 .debug_pubnames
                0x000002a8       0x8b arp.o
 .debug_pubnames
                0x00000333       0x88 tcp.o
 .debug_pubnames
                0x000003bb       0x51 ip.o
 .debug_pubnames
                0x0000040c       0x54 ethernet.o
 .debug_pubnames
                0x00000460       0x90 icmp.o
 .debug_pubnames
                0x000004f0      0x1e8 menu.o
 .debug_pubnames
                0x000006d8       0x93 lcd.o
 .debug_pubnames
                0x0000076b       0x60 adc.o
 .debug_pubnames
                0x000007cb       0x74 udp.o

.debug_info     0x00000000     0x57cc
 *(.debug_info)
 .debug_info    0x00000000      0x81c enc28j60.o
 .debug_info    0x0000081c      0x4b7 main.o
 .debug_info    0x00000cd3     0x10c0 http.o
 .debug_info    0x00001d93      0x637 arp.o
 .debug_info    0x000023ca      0x5f0 tcp.o
 .debug_info    0x000029ba      0x487 ip.o
 .debug_info    0x00002e41      0x483 ethernet.o
 .debug_info    0x000032c4      0x5c5 icmp.o
 .debug_info    0x00003889      0xba5 menu.o
 .debug_info    0x0000442e      0x5bc lcd.o
 .debug_info    0x000049ea      0x320 adc.o
 .debug_info    0x00004d0a      0xac2 udp.o
 *(.gnu.linkonce.wi.*)

.debug_abbrev   0x00000000     0x1900
 *(.debug_abbrev)
 .debug_abbrev  0x00000000      0x265 enc28j60.o
 .debug_abbrev  0x00000265      0x21e main.o
 .debug_abbrev  0x00000483      0x32e http.o
 .debug_abbrev  0x000007b1      0x1f5 arp.o
 .debug_abbrev  0x000009a6      0x1a2 tcp.o
 .debug_abbrev  0x00000b48      0x178 ip.o
 .debug_abbrev  0x00000cc0      0x187 ethernet.o
 .debug_abbrev  0x00000e47      0x1e8 icmp.o
 .debug_abbrev  0x0000102f      0x314 menu.o
 .debug_abbrev  0x00001343      0x1ad lcd.o
 .debug_abbrev  0x000014f0      0x161 adc.o
 .debug_abbrev  0x00001651      0x2af udp.o

.debug_line     0x00000000     0x2e72
 *(.debug_line)
 .debug_line    0x00000000      0x600 enc28j60.o
 .debug_line    0x00000600      0x36a main.o
 .debug_line    0x0000096a      0x728 http.o
 .debug_line    0x00001092      0x29f arp.o
 .debug_line    0x00001331      0x2f8 tcp.o
 .debug_line    0x00001629      0x1f0 ip.o
 .debug_line    0x00001819      0x19b ethernet.o
 .debug_line    0x000019b4      0x29f icmp.o
 .debug_line    0x00001c53      0x8be menu.o
 .debug_line    0x00002511      0x2e5 lcd.o
 .debug_line    0x000027f6      0x1ba adc.o
 .debug_line    0x000029b0      0x4c2 udp.o

.debug_frame    0x00000000      0x4e0
 *(.debug_frame)
 .debug_frame   0x00000000       0xc0 enc28j60.o
 .debug_frame   0x000000c0       0x50 main.o
 .debug_frame   0x00000110       0x80 http.o
 .debug_frame   0x00000190       0x60 arp.o
 .debug_frame   0x000001f0       0x60 tcp.o
 .debug_frame   0x00000250       0x30 ip.o
 .debug_frame   0x00000280       0x30 ethernet.o
 .debug_frame   0x000002b0       0x50 icmp.o
 .debug_frame   0x00000300       0xd0 menu.o
 .debug_frame   0x000003d0       0x80 lcd.o
 .debug_frame   0x00000450       0x40 adc.o
 .debug_frame   0x00000490       0x50 udp.o

.debug_str      0x00000000      0x99f
 *(.debug_str)
 .debug_str     0x00000000      0x30c enc28j60.o
                                0x396 (size before relaxing)
 .debug_str     0x0000030c       0xb5 main.o
                                0x294 (size before relaxing)
 .debug_str     0x000003c1      0x13c http.o
                                0x372 (size before relaxing)
 .debug_str     0x000004fd       0x61 arp.o
                                0x2f5 (size before relaxing)
 .debug_str     0x0000055e       0xa4 tcp.o
                                0x306 (size before relaxing)
 .debug_str     0x00000602       0x4e ip.o
                                0x27c (size before relaxing)
 .debug_str     0x00000650       0x3f ethernet.o
                                0x271 (size before relaxing)
 .debug_str     0x0000068f       0x5c icmp.o
                                0x2db (size before relaxing)
 .debug_str     0x000006eb      0x1a1 menu.o
                                0x46d (size before relaxing)
 .debug_str     0x0000088c       0x66 lcd.o
                                0x26e (size before relaxing)
 .debug_str     0x000008f2       0x61 adc.o
                                0x204 (size before relaxing)
 .debug_str     0x00000953       0x4c udp.o
                                0x373 (size before relaxing)

.debug_loc      0x00000000     0x2082
 *(.debug_loc)
 .debug_loc     0x00000000      0x212 enc28j60.o
 .debug_loc     0x00000212       0xb8 main.o
 .debug_loc     0x000002ca      0xa42 http.o
 .debug_loc     0x00000d0c      0x1c8 arp.o
 .debug_loc     0x00000ed4      0x216 tcp.o
 .debug_loc     0x000010ea       0xa3 ip.o
 .debug_loc     0x0000118d       0xc2 ethernet.o
 .debug_loc     0x0000124f      0x1a8 icmp.o
 .debug_loc     0x000013f7      0x654 menu.o
 .debug_loc     0x00001a4b      0x1d6 lcd.o
 .debug_loc     0x00001c21       0x53 adc.o
 .debug_loc     0x00001c74      0x40e udp.o

.debug_macinfo
 *(.debug_macinfo)
OUTPUT(avrnet.elf elf32-avr)
LOAD linker stubs
